This is a initial log message from version 1.
This is a initial log message from version 2.
This is a initial log message from version 1.