V1 Point created at (x=3.0, y=4.0)
Polar coords: r=5.00, theta=0.93
Cartesian coords: x=0.00, y=0.00