This is a test class of version 1.
Logging from Test__2__
This method is just for testing purposes from version 2.
Super log: Hello, World! (Author: Alice)
This method is just for testing purposes from version 1.