Logging from Log version 1.
Logging from Log version 2.
Logging from Log version 1.
Logging from Log version 2.